Lange Kortneuslaan  | A===========================================================================================================================================================================================================================================================================================================
 > verkeerslichten  |                                                   R                                                                                                                                                                                                                                                         
 > bushaltes        |                                                                                                                                                                                                                                                                                                             


