Tis Echt Op         | ====================================================================================================================================================================================================================================================================================================================================================================================================================================================================================================================
 > verkeerslichten  |                                                                                                     B                                                                                                                                                                                                       B                                                                                                                                                                                                       
 > bushaltes        |                                                                                                                                                                                                                                                                                                                                                                                                                                                                                                                     

Geen Inspiratie Weg  | =========================A===================================================A==========================================A=======================================================A=============================================A===========================================================================A===================================================================================================A=
 > verkeerslichten   |                                                                                                     B                                                                                                   B                                                                                                                                                                                                       
 > bushaltes         |                                                                                                                                                                                                                                                                                                                                                                                                                 


