[XmlValidator] Cannot create CrossRoad with duplicate roads. (roadName: test0)
