[XmlValidator] The object 'FOO' cannot be parsed.
[XmlValidator] Attribute 'falseattribute' is not known for object type 'vehicle'.
[XmlValidator] Not all required attributes for type 'vehicle' are set (required: baan, positie, type).
[XmlValidator] Attribute 'pos' is not known for object type 'light'.
[XmlValidator] Not all required attributes for type 'light' are set (required: baan, positie, cyclus).
[XmlValidator] Attribute 'name' is not known for object type 'road'.
[XmlValidator] Not all required attributes for type 'road' are set (required: naam, lengte).
[XmlValidator] Attribute 'foo' is not known for object type 'vehicle'.
[XmlValidator] Attribute 'bla' is not known for object type 'vehicle'.
[XmlValidator] Not all required attributes for type 'light' are set (required: baan, positie, cyclus).
[XmlValidator] Attribute 'name' is not known for object type 'road'.
[XmlValidator] Attribute 'nom' is not known for object type 'road'.
[XmlValidator] Attribute 'phi' is not known for object type 'road'.
