Corner Street       | ==========================================================================================================================================================================================================A=============================================================================================================================================================================================================================================================================================================================================================================================================================================================================================================================================================================================================================================================================================================================================================================================================================
 > verkeerslichten  |                                                                                                                                                                                                                                                                                                                                                                                                                                                                                                                     R                                                                                                                                                                                                                                                                                                                                                                                                                                                                                                                   
 > bushaltes        |                                                                                                                                                                                                                                                                                                                                                                                                                                                                                                                                                                                                                                                                                                                                                                                                                                                                                                                                                                                                                                         


