test1               | =======================B=============================B==================================B===============================================================================================================
 > verkeerslichten  |                                                                       B                             |                                                                                                   
 > bushaltes        |                                                                                                     B                                                                                                   

test0               | ==B==================================B==============================================================
 > verkeerslichten  |                     R                             |                   B                             
 > bushaltes        |                                                   B                                                 


