Tis Echt Op         | ====================================================================================================================================================================================================================================================================================================================================================================================================================================================================================================================
 > verkeerslichten  |                                                                                                     B                                                                                                                                                                                                       B                                                                                                                                                                                                       
 > bushaltes        |                                                                                                                                                                                                                                                                                                                                                                                                                                                                                                                     

Geen Inspiratie Weg  | =======================Z====================================================================Z========================================================================================Z===========================================================================================Z============================================================================================Z=================================
 > verkeerslichten   |                                                                                                     B                                                                                                   B                                                                                                                                                                                                       
 > bushaltes         |                                                                                                                                                                                                                                                                                                                                                                                                                 


