test0               | =====V==========================================================================V===================================================================Z=========================================V=============================================P===========================A===================================
 > verkeerslichten  |                                                                                                     R                                                                                                                                                                                                       
 > bushaltes        |                                                                                                                                                                                                                                                                                                             


