[XmlValidator] Attribute 'foo' is not known for object type 'vehicle'.
[XmlValidator] Not all required attributes for type 'vehicle' are set (required: baan, positie, type).
