[XmlValidator] No flag 'ROOT' found in the input stream.
