[XmlValidator] Cannot create multiple roads with name: 'test'. Roadname must be unique.
