[XmlValidator] Attribute 'foo' is not known for object type 'busstop'.
