[XmlValidator] Not all required attributes for type 'vehicle' are set (required: baan, positie, type).
[XmlValidator] Not all required attributes for type 'vehicleGenerator' are set (required: baan, frequentie, type).
